 nondecimatedWaveletTransform3D_mex

 Timestamp is 5048caa1 (Thu Sep 06 12:09:05 2012)

 Preferred load address is 0000000180000000

 Start         Length     Name                   Class
 0001:00000000 00003be2H .text                   CODE
 0001:00003bf0 00000092H .text$x                 CODE
 0002:00000000 000001d0H .idata$5                DATA
 0002:000001d0 00000008H .CRT$XCA                DATA
 0002:000001d8 00000008H .CRT$XCZ                DATA
 0002:000001e0 00000008H .CRT$XIA                DATA
 0002:000001e8 00000008H .CRT$XIAA               DATA
 0002:000001f0 00000008H .CRT$XIZ                DATA
 0002:00000200 000002e0H .rdata                  DATA
 0002:000004e0 00000008H .rtc$IAA                DATA
 0002:000004e8 00000008H .rtc$IZZ                DATA
 0002:000004f0 00000008H .rtc$TAA                DATA
 0002:000004f8 00000008H .rtc$TZZ                DATA
 0002:00000500 00000248H .xdata                  DATA
 0002:00000748 00000064H .idata$2                DATA
 0002:000007ac 00000014H .idata$3                DATA
 0002:000007c0 000001d0H .idata$4                DATA
 0002:00000990 0000045cH .idata$6                DATA
 0002:00000df0 000000f8H .edata                  DATA
 0003:00000000 00000058H .data                   DATA
 0003:00000060 000005b8H .bss                    DATA
 0004:00000000 000001c8H .pdata                  DATA

  Address         Publics by Value              Rva+Base               Lib:Object

 0000:00000000       ___safe_se_handler_table   0000000000000000     <absolute>
 0000:00000000       ___safe_se_handler_count   0000000000000000     <absolute>
 0000:00000000       __ImageBase                0000000180000000     <linker-defined>
 0001:00000120       nondecimatedWaveletTransform3D_atexit 0000000180001120 f   nondecimatedWaveletTransform3D.obj
 0001:00000130       nondecimatedWaveletTransform3D_initialize 0000000180001130 f   nondecimatedWaveletTransform3D.obj
 0001:00000160       nondecimatedWaveletTransform3D_terminate 0000000180001160 f   nondecimatedWaveletTransform3D.obj
 0001:00001f30       nondecimatedWaveletTransform3D 0000000180002f30 f   nondecimatedWaveletTransform3D.obj
 0001:00002ea0       nondecimatedWaveletTransform3D_api 0000000180003ea0 f   nondecimatedWaveletTransform3D.obj
 0001:00003140       mexFunction                0000000180004140 f   nondecimatedWaveletTransform3D_mex.obj
 0001:000031a4       mxCreateNumericArray_700   00000001800041a4 f   libmx:libmx.dll
 0001:000031aa       mexErrMsgIdAndTxt          00000001800041aa f   libmex:libmex.dll
 0001:000031b0       mexAtExit                  00000001800041b0 f   libmex:libmex.dll
 0001:000031b6       emlrtAssign                00000001800041b6 f   libemlrt:libemlrt.dll
 0001:000031bc       emlrtExportNumericArrayR2008b 00000001800041bc f   libemlrt:libemlrt.dll
 0001:000031c2       emlrtPushHeapReferenceStack 00000001800041c2 f   libemlrt:libemlrt.dll
 0001:000031c8       emlrtExitTimeCleanup       00000001800041c8 f   libemlrt:libemlrt.dll
 0001:000031ce       emlrtFirstTime             00000001800041ce f   libemlrt:libemlrt.dll
 0001:000031d4       emlrtEnterRtStack          00000001800041d4 f   libemlrt:libemlrt.dll
 0001:000031da       emlrtLeaveRtStack          00000001800041da f   libemlrt:libemlrt.dll
 0001:000031e0       emlrtDestroyArray          00000001800041e0 f   libemlrt:libemlrt.dll
 0001:000031e6       emlrtImportArrayR2008b     00000001800041e6 f   libemlrt:libemlrt.dll
 0001:000031ec       emlrtCheckVsBuiltInR2011a  00000001800041ec f   libemlrt:libemlrt.dll
 0001:000031f2       emlrtHeapReferenceStackLeaveFcn 00000001800041f2 f   libemlrt:libemlrt.dll
 0001:000031f8       emlrtHeapReferenceStackEnterFcn 00000001800041f8 f   libemlrt:libemlrt.dll
 0001:000031fe       emlrtAlias                 00000001800041fe f   libemlrt:libemlrt.dll
 0001:00003204       emlrtAliasP                0000000180004204 f   libemlrt:libemlrt.dll
 0001:0000320a       emlrtReturnArrayR2009a     000000018000420a f   libemlrt:libemlrt.dll
 0001:00003210       emlrtClearAllocCount       0000000180004210 f   libemlrt:libemlrt.dll
 0001:00003216       memcpy                     0000000180004216 f   MSVCRT:MSVCR100.dll
 0001:0000321c       __GSHandlerCheckCommon     000000018000421c f   MSVCRT:gshandler.obj
 0001:00003280       __GSHandlerCheck           0000000180004280 f   MSVCRT:gshandler.obj
 0001:000032b0       __security_check_cookie    00000001800042b0 f   MSVCRT:amdsecgs.obj
 0001:000032e0       _alloca_probe              00000001800042e0     MSVCRT:chkstk.obj
 0001:000032e0       __chkstk                   00000001800042e0 f   MSVCRT:chkstk.obj
 0001:00003390       _CRT_INIT                  0000000180004390 f   MSVCRT:crtdll.obj
 0001:00003728       _DllMainCRTStartup         0000000180004728 f   MSVCRT:crtdll.obj
 0001:00003768       __report_gsfailure         0000000180004768 f   MSVCRT:gs_report.obj
 0001:000038b4       __clean_type_info_names    00000001800048b4 f   MSVCRT:tncleanup.obj
 0001:000038c0       _onexit                    00000001800048c0 f   MSVCRT:atonexit.obj
 0001:00003970       atexit                     0000000180004970 f   MSVCRT:atonexit.obj
 0001:00003988       _RTC_Initialize            0000000180004988 f   MSVCRT:_initsect_.obj
 0001:000039c0       _RTC_Terminate             00000001800049c0 f   MSVCRT:_initsect_.obj
 0001:00003a00       _ValidateImageBase         0000000180004a00 f   MSVCRT:pesect.obj
 0001:00003a30       _FindPESection             0000000180004a30 f   MSVCRT:pesect.obj
 0001:00003a80       _IsNonwritableInCurrentImage 0000000180004a80 f   MSVCRT:pesect.obj
 0001:00003ac2       _initterm                  0000000180004ac2 f   MSVCRT:MSVCR100.dll
 0001:00003ac8       _initterm_e                0000000180004ac8 f   MSVCRT:MSVCR100.dll
 0001:00003ace       _amsg_exit                 0000000180004ace f   MSVCRT:MSVCR100.dll
 0001:00003ad4       __C_specific_handler       0000000180004ad4 f   MSVCRT:MSVCR100.dll
 0001:00003ada       __CppXcptFilter            0000000180004ada f   MSVCRT:MSVCR100.dll
 0001:00003ae0       DllMain                    0000000180004ae0 f   MSVCRT:dllmain.obj
 0001:00003b04       __security_init_cookie     0000000180004b04 f   MSVCRT:gs_support.obj
 0001:00003bb8       __crt_debugger_hook        0000000180004bb8 f   MSVCRT:MSVCR100.dll
 0001:00003bbe       __clean_type_info_names_internal 0000000180004bbe f   MSVCRT:MSVCR100.dll
 0001:00003bc4       _unlock                    0000000180004bc4 f   MSVCRT:MSVCR100.dll
 0001:00003bca       __dllonexit                0000000180004bca f   MSVCRT:MSVCR100.dll
 0001:00003bd0       _lock                      0000000180004bd0 f   MSVCRT:MSVCR100.dll
 0001:00003bd6       RtlVirtualUnwind           0000000180004bd6 f   kernel32:KERNEL32.dll
 0001:00003bdc       RtlLookupFunctionEntry     0000000180004bdc f   kernel32:KERNEL32.dll
 0002:00000000       __imp_GetSystemTimeAsFileTime 0000000180005000     kernel32:KERNEL32.dll
 0002:00000008       __imp_GetCurrentProcessId  0000000180005008     kernel32:KERNEL32.dll
 0002:00000010       __imp_GetCurrentThreadId   0000000180005010     kernel32:KERNEL32.dll
 0002:00000018       __imp_GetTickCount         0000000180005018     kernel32:KERNEL32.dll
 0002:00000020       __imp_QueryPerformanceCounter 0000000180005020     kernel32:KERNEL32.dll
 0002:00000028       __imp_DisableThreadLibraryCalls 0000000180005028     kernel32:KERNEL32.dll
 0002:00000030       __imp_RtlCaptureContext    0000000180005030     kernel32:KERNEL32.dll
 0002:00000038       __imp_RtlLookupFunctionEntry 0000000180005038     kernel32:KERNEL32.dll
 0002:00000040       __imp_RtlVirtualUnwind     0000000180005040     kernel32:KERNEL32.dll
 0002:00000048       __imp_IsDebuggerPresent    0000000180005048     kernel32:KERNEL32.dll
 0002:00000050       __imp_SetUnhandledExceptionFilter 0000000180005050     kernel32:KERNEL32.dll
 0002:00000058       __imp_UnhandledExceptionFilter 0000000180005058     kernel32:KERNEL32.dll
 0002:00000060       __imp_GetCurrentProcess    0000000180005060     kernel32:KERNEL32.dll
 0002:00000068       __imp_TerminateProcess     0000000180005068     kernel32:KERNEL32.dll
 0002:00000070       __imp_Sleep                0000000180005070     kernel32:KERNEL32.dll
 0002:00000078       __imp_DecodePointer        0000000180005078     kernel32:KERNEL32.dll
 0002:00000080       __imp_EncodePointer        0000000180005080     kernel32:KERNEL32.dll
 0002:00000088       \177KERNEL32_NULL_THUNK_DATA 0000000180005088     kernel32:KERNEL32.dll
 0002:00000090       __imp__onexit              0000000180005090     MSVCRT:MSVCR100.dll
 0002:00000098       __imp__lock                0000000180005098     MSVCRT:MSVCR100.dll
 0002:000000a0       __imp___dllonexit          00000001800050a0     MSVCRT:MSVCR100.dll
 0002:000000a8       __imp__unlock              00000001800050a8     MSVCRT:MSVCR100.dll
 0002:000000b0       __imp_free                 00000001800050b0     MSVCRT:MSVCR100.dll
 0002:000000b8       __imp_calloc               00000001800050b8     MSVCRT:MSVCR100.dll
 0002:000000c0       __imp_memcpy               00000001800050c0     MSVCRT:MSVCR100.dll
 0002:000000c8       __imp_malloc               00000001800050c8     MSVCRT:MSVCR100.dll
 0002:000000d0       __imp__malloc_crt          00000001800050d0     MSVCRT:MSVCR100.dll
 0002:000000d8       __imp__initterm            00000001800050d8     MSVCRT:MSVCR100.dll
 0002:000000e0       __imp__initterm_e          00000001800050e0     MSVCRT:MSVCR100.dll
 0002:000000e8       __imp__encoded_null        00000001800050e8     MSVCRT:MSVCR100.dll
 0002:000000f0       __imp__amsg_exit           00000001800050f0     MSVCRT:MSVCR100.dll
 0002:000000f8       __imp___C_specific_handler 00000001800050f8     MSVCRT:MSVCR100.dll
 0002:00000100       __imp___CppXcptFilter      0000000180005100     MSVCRT:MSVCR100.dll
 0002:00000108       __imp___crt_debugger_hook  0000000180005108     MSVCRT:MSVCR100.dll
 0002:00000110       __imp___clean_type_info_names_internal 0000000180005110     MSVCRT:MSVCR100.dll
 0002:00000118       \177MSVCR100_NULL_THUNK_DATA 0000000180005118     MSVCRT:MSVCR100.dll
 0002:00000120       __imp_emlrtClearAllocCount 0000000180005120     libemlrt:libemlrt.dll
 0002:00000128       __imp_emlrtReturnArrayR2009a 0000000180005128     libemlrt:libemlrt.dll
 0002:00000130       __imp_emlrtAliasP          0000000180005130     libemlrt:libemlrt.dll
 0002:00000138       __imp_emlrtAlias           0000000180005138     libemlrt:libemlrt.dll
 0002:00000140       __imp_emlrtHeapReferenceStackEnterFcn 0000000180005140     libemlrt:libemlrt.dll
 0002:00000148       __imp_emlrtHeapReferenceStackLeaveFcn 0000000180005148     libemlrt:libemlrt.dll
 0002:00000150       __imp_emlrtCheckVsBuiltInR2011a 0000000180005150     libemlrt:libemlrt.dll
 0002:00000158       __imp_emlrtImportArrayR2008b 0000000180005158     libemlrt:libemlrt.dll
 0002:00000160       __imp_emlrtDestroyArray    0000000180005160     libemlrt:libemlrt.dll
 0002:00000168       __imp_emlrtLeaveRtStack    0000000180005168     libemlrt:libemlrt.dll
 0002:00000170       __imp_emlrtEnterRtStack    0000000180005170     libemlrt:libemlrt.dll
 0002:00000178       __imp_emlrtFirstTime       0000000180005178     libemlrt:libemlrt.dll
 0002:00000180       __imp_emlrtExitTimeCleanup 0000000180005180     libemlrt:libemlrt.dll
 0002:00000188       __imp_emlrtPushHeapReferenceStack 0000000180005188     libemlrt:libemlrt.dll
 0002:00000190       __imp_emlrtExportNumericArrayR2008b 0000000180005190     libemlrt:libemlrt.dll
 0002:00000198       __imp_emlrtAssign          0000000180005198     libemlrt:libemlrt.dll
 0002:000001a0       \177libemlrt_NULL_THUNK_DATA 00000001800051a0     libemlrt:libemlrt.dll
 0002:000001a8       __imp_mexAtExit            00000001800051a8     libmex:libmex.dll
 0002:000001b0       __imp_mexErrMsgIdAndTxt    00000001800051b0     libmex:libmex.dll
 0002:000001b8       \177libmex_NULL_THUNK_DATA 00000001800051b8     libmex:libmex.dll
 0002:000001c0       __imp_mxCreateNumericArray_700 00000001800051c0     libmx:libmx.dll
 0002:000001c8       \177libmx_NULL_THUNK_DATA  00000001800051c8     libmx:libmx.dll
 0002:000001d0       __xc_a                     00000001800051d0     MSVCRT:cinitexe.obj
 0002:000001d8       __xc_z                     00000001800051d8     MSVCRT:cinitexe.obj
 0002:000001e0       __xi_a                     00000001800051e0     MSVCRT:cinitexe.obj
 0002:000001f0       __xi_z                     00000001800051f0     MSVCRT:cinitexe.obj
 0002:00000390       ??_C@_06BNJCAIGJ@double?$AA@ 0000000180005390     nondecimatedWaveletTransform3D.obj
 0002:00000398       __real@3ff0000000000000    0000000180005398     nondecimatedWaveletTransform3D.obj
 0002:000003a0       __real@4020000000000000    00000001800053a0     nondecimatedWaveletTransform3D.obj
 0002:000003a8       ??_C@_01FHEEJDEE@A?$AA@    00000001800053a8     nondecimatedWaveletTransform3D.obj
 0002:000003b0       ??_C@_0BP@ELMCMDA@nondecimatedWaveletTransform3D?$AA@ 00000001800053b0     nondecimatedWaveletTransform3D_mex.obj
 0002:000003d0       ??_C@_0CH@DLJMAEFE@emlcoder?3emlmex?3TooManyOutputArg@ 00000001800053d0     nondecimatedWaveletTransform3D_mex.obj
 0002:00000400       ??_C@_0EM@GANDKMFD@Too?5many?5output?5arguments?5for?5en@ 0000000180005400     nondecimatedWaveletTransform3D_mex.obj
 0002:00000450       ??_C@_0CE@IHHIPLIO@emlcoder?3emlmex?3WrongNumberOfInp@ 0000000180005450     nondecimatedWaveletTransform3D_mex.obj
 0002:00000480       ??_C@_0ED@IPDBLADO@1?5input?5required?5for?5entry?9point@ 0000000180005480     nondecimatedWaveletTransform3D_mex.obj
 0002:000004c8       _pDefaultRawDllMain        00000001800054c8     MSVCRT:crtdll.obj
 0002:000004c8       _pRawDllMain               00000001800054c8     MSVCRT:crtdll.obj
 0002:000004e0       __rtc_iaa                  00000001800054e0     MSVCRT:_initsect_.obj
 0002:000004e8       __rtc_izz                  00000001800054e8     MSVCRT:_initsect_.obj
 0002:000004f0       __rtc_taa                  00000001800054f0     MSVCRT:_initsect_.obj
 0002:000004f8       __rtc_tzz                  00000001800054f8     MSVCRT:_initsect_.obj
 0002:00000748       __IMPORT_DESCRIPTOR_libmx  0000000180005748     libmx:libmx.dll
 0002:0000075c       __IMPORT_DESCRIPTOR_libmex 000000018000575c     libmex:libmex.dll
 0002:00000770       __IMPORT_DESCRIPTOR_libemlrt 0000000180005770     libemlrt:libemlrt.dll
 0002:00000784       __IMPORT_DESCRIPTOR_MSVCR100 0000000180005784     MSVCRT:MSVCR100.dll
 0002:00000798       __IMPORT_DESCRIPTOR_KERNEL32 0000000180005798     kernel32:KERNEL32.dll
 0002:000007ac       __NULL_IMPORT_DESCRIPTOR   00000001800057ac     libmx:libmx.dll
 0003:00000000       emlrtContextGlobal         0000000180006000     nondecimatedWaveletTransform3D_mex.obj
 0003:00000038       _fltused                   0000000180006038     MSVCRT:dllsupp.obj
 0003:00000040       __security_cookie          0000000180006040     MSVCRT:gs_cookie.obj
 0003:00000048       __security_cookie_complement 0000000180006048     MSVCRT:gs_cookie.obj
 0003:00000050       __native_dllmain_reason    0000000180006050     MSVCRT:natstart.obj
 0003:00000054       __native_vcclrit_reason    0000000180006054     MSVCRT:natstart.obj
 0003:000005e0       ?__type_info_root_node@@3U__type_info_node@@A 00000001800065e0     MSVCRT:tncleanup.obj
 0003:000005f0       __native_startup_state     00000001800065f0     <common>
 0003:000005f8       __native_startup_lock      00000001800065f8     <common>
 0003:00000600       __onexitend                0000000180006600     <common>
 0003:00000608       __onexitbegin              0000000180006608     <common>
 0003:00000610       __dyn_tls_init_callback    0000000180006610     <common>

 entry point at        0001:00003728

 Static symbols

 0001:00000000       emxEnsureCapacity          0000000180001000 f   nondecimatedWaveletTransform3D.obj
 0001:000000d0       emxFree_creal_T            00000001800010d0 f   nondecimatedWaveletTransform3D.obj
 0001:000000d0       emxFree_int32_T            00000001800010d0 f   nondecimatedWaveletTransform3D.obj
 0001:00000170       b_directionalConv          0000000180001170 f   nondecimatedWaveletTransform3D.obj
 0001:00000550       b_squeeze                  0000000180001550 f   nondecimatedWaveletTransform3D.obj
 0001:00000670       c_directionalConv          0000000180001670 f   nondecimatedWaveletTransform3D.obj
 0001:00000a50       c_emlrt_marshallIn         0000000180001a50 f   nondecimatedWaveletTransform3D.obj
 0001:00000be0       d_directionalConv          0000000180001be0 f   nondecimatedWaveletTransform3D.obj
 0001:00001400       directionalConv            0000000180002400 f   nondecimatedWaveletTransform3D.obj
 0001:00001710       e_directionalConv          0000000180002710 f   nondecimatedWaveletTransform3D.obj
 0001:00003090       nondecimatedWaveletTransform3D_mexFunction 0000000180004090 f   nondecimatedWaveletTransform3D_mex.obj
 0001:00003330       pre_c_init                 0000000180004330 f   MSVCRT:crtdll.obj
 0001:000035ec       __DllMainCRTStartup        00000001800045ec f   MSVCRT:crtdll.obj
 0001:00003bf0       __DllMainCRTStartup$filt$0 0000000180004bf0 f   MSVCRT:crtdll.obj
 0001:00003c20       __DllMainCRTStartup$fin$1  0000000180004c20 f   MSVCRT:crtdll.obj
 0001:00003c3a       _onexit$fin$0              0000000180004c3a f   MSVCRT:atonexit.obj
 0001:00003c60       _IsNonwritableInCurrentImage$filt$0 0000000180004c60 f   MSVCRT:pesect.obj
